// Jest Snapshot v1, https://goo.gl/fbAQLP

exports[`Processor: fact processes a FACT task and resolves with a CompletedTask 1`] = `
Object {
  "id": "random-id",
  "payload": Object {
    "n": 10,
  },
  "result": Object {
    "value": 3628800,
  },
  "type": "FACT",
}
`;
